// Jest Snapshot v1, https://goo.gl/fbAQLP

exports[`PersonSkillTable matches snapshot 1`] = `
<table
  className="ui striped selectable definition table"
>
  <tbody>
    <tr>
      <th />
      <th>
        React
      </th>
      <th>
        Jest
      </th>
    </tr>
    <tr
      onClick={[Function]}
    >
      <th>
        <div>
          Laszlo
        </div>
        <div
          className="right aligned"
        >
          Toth
        </div>
      </th>
      <td>
        <div
          className="compact my-rating"
        />
        <div
          className="compact my-rating"
        />
      </td>
      <td>
        <div
          className="compact my-rating"
        />
        <div
          className="compact my-rating"
        />
      </td>
    </tr>
  </tbody>
</table>
`;
